This is pdfTeX, Version 3.141592653-2.6-1.40.27 (TeX Live 2025/nixos.org) (preloaded format=pdflatex 1980.1.1)  12 AUG 2026 16:34
entering extended mode
 restricted \write18 enabled.
 file:line:error style messages enabled.
 %&-line parsing enabled.
**arquitectura.tex
(./arquitectura.tex
LaTeX2e <2025-11-01>
L3 programming layer <2026-01-19>
(/nix/store/6wi5laifh3jdxgbzvdcfbxwig5lrnh0x-texlive-2025-r78234-final-env-texmfdist/tex/latex/base/article.cls
Document Class: article 2025/01/22 v1.4n Standard LaTeX document class
(/nix/store/6wi5laifh3jdxgbzvdcfbxwig5lrnh0x-texlive-2025-r78234-final-env-texmfdist/tex/latex/base/size12.clo
File: size12.clo 2025/01/22 v1.4n Standard LaTeX file (size option)
)
\c@part=\count275
\c@section=\count276
\c@subsection=\count277
\c@subsubsection=\count278
\c@paragraph=\count279
\c@subparagraph=\count280
\c@figure=\count281
\c@table=\count282
\abovecaptionskip=\skip49
\belowcaptionskip=\skip50
\bibindent=\dimen148
) (/nix/store/6wi5laifh3jdxgbzvdcfbxwig5lrnh0x-texlive-2025-r78234-final-env-texmfdist/tex/latex/base/inputenc.sty
Package: inputenc 2024/02/08 v1.3d Input encoding file
\inpenc@prehook=\toks17
\inpenc@posthook=\toks18
) (/nix/store/6wi5laifh3jdxgbzvdcfbxwig5lrnh0x-texlive-2025-r78234-final-env-texmfdist/tex/latex/base/fontenc.sty
Package: fontenc 2025/07/18 v2.1d Standard LaTeX package
) (/nix/store/6wi5laifh3jdxgbzvdcfbxwig5lrnh0x-texlive-2025-r78234-final-env-texmfdist/tex/latex/lm/lmodern.sty
Package: lmodern 2015/05/01 v1.6.1 Latin Modern Fonts
LaTeX Font Info:    Overwriting symbol font `operators' in version `normal'
(Font)                  OT1/cmr/m/n --> OT1/lmr/m/n on input line 22.
LaTeX Font Info:    Overwriting symbol font `letters' in version `normal'
(Font)                  OML/cmm/m/it --> OML/lmm/m/it on input line 23.
LaTeX Font Info:    Overwriting symbol font `symbols' in version `normal'
(Font)                  OMS/cmsy/m/n --> OMS/lmsy/m/n on input line 24.
LaTeX Font Info:    Overwriting symbol font `largesymbols' in version `normal'
(Font)                  OMX/cmex/m/n --> OMX/lmex/m/n on input line 25.
LaTeX Font Info:    Overwriting symbol font `operators' in version `bold'
(Font)                  OT1/cmr/bx/n --> OT1/lmr/bx/n on input line 26.
LaTeX Font Info:    Overwriting symbol font `letters' in version `bold'
(Font)                  OML/cmm/b/it --> OML/lmm/b/it on input line 27.
LaTeX Font Info:    Overwriting symbol font `symbols' in version `bold'
(Font)                  OMS/cmsy/b/n --> OMS/lmsy/b/n on input line 28.
LaTeX Font Info:    Overwriting symbol font `largesymbols' in version `bold'
(Font)                  OMX/cmex/m/n --> OMX/lmex/m/n on input line 29.
LaTeX Font Info:    Overwriting math alphabet `\mathbf' in version `normal'
(Font)                  OT1/cmr/bx/n --> OT1/lmr/bx/n on input line 31.
LaTeX Font Info:    Overwriting math alphabet `\mathsf' in version `normal'
(Font)                  OT1/cmss/m/n --> OT1/lmss/m/n on input line 32.
LaTeX Font Info:    Overwriting math alphabet `\mathit' in version `normal'
(Font)                  OT1/cmr/m/it --> OT1/lmr/m/it on input line 33.
LaTeX Font Info:    Overwriting math alphabet `\mathtt' in version `normal'
(Font)                  OT1/cmtt/m/n --> OT1/lmtt/m/n on input line 34.
LaTeX Font Info:    Overwriting math alphabet `\mathbf' in version `bold'
(Font)                  OT1/cmr/bx/n --> OT1/lmr/bx/n on input line 35.
LaTeX Font Info:    Overwriting math alphabet `\mathsf' in version `bold'
(Font)                  OT1/cmss/bx/n --> OT1/lmss/bx/n on input line 36.
LaTeX Font Info:    Overwriting math alphabet `\mathit' in version `bold'
(Font)                  OT1/cmr/bx/it --> OT1/lmr/bx/it on input line 37.
LaTeX Font Info:    Overwriting math alphabet `\mathtt' in version `bold'
(Font)                  OT1/cmtt/m/n --> OT1/lmtt/m/n on input line 38.
) (/nix/store/6wi5laifh3jdxgbzvdcfbxwig5lrnh0x-texlive-2025-r78234-final-env-texmfdist/tex/latex/geometry/geometry.sty
Package: geometry 2020/01/02 v5.9 Page Geometry
 (/nix/store/6wi5laifh3jdxgbzvdcfbxwig5lrnh0x-texlive-2025-r78234-final-env-texmfdist/tex/latex/graphics/keyval.sty
Package: keyval 2022/05/29 v1.15 key=value parser (DPC)
\KV@toks@=\toks19
) (/nix/store/6wi5laifh3jdxgbzvdcfbxwig5lrnh0x-texlive-2025-r78234-final-env-texmfdist/tex/generic/iftex/ifvtex.sty
Package: ifvtex 2019/10/25 v1.7 ifvtex legacy package. Use iftex instead.
 (/nix/store/6wi5laifh3jdxgbzvdcfbxwig5lrnh0x-texlive-2025-r78234-final-env-texmfdist/tex/generic/iftex/iftex.sty
Package: iftex 2024/12/12 v1.0g TeX engine tests
))
\Gm@cnth=\count283
\Gm@cntv=\count284
\c@Gm@tempcnt=\count285
\Gm@bindingoffset=\dimen149
\Gm@wd@mp=\dimen150
\Gm@odd@mp=\dimen151
\Gm@even@mp=\dimen152
\Gm@layoutwidth=\dimen153
\Gm@layoutheight=\dimen154
\Gm@layouthoffset=\dimen155
\Gm@layoutvoffset=\dimen156
\Gm@dimlist=\toks20
) (/nix/store/6wi5laifh3jdxgbzvdcfbxwig5lrnh0x-texlive-2025-r78234-final-env-texmfdist/tex/latex/graphics/graphicx.sty
Package: graphicx 2024/12/31 v1.2e Enhanced LaTeX Graphics (DPC,SPQR)
 (/nix/store/6wi5laifh3jdxgbzvdcfbxwig5lrnh0x-texlive-2025-r78234-final-env-texmfdist/tex/latex/graphics/graphics.sty
Package: graphics 2024/08/06 v1.4g Standard LaTeX Graphics (DPC,SPQR)
 (/nix/store/6wi5laifh3jdxgbzvdcfbxwig5lrnh0x-texlive-2025-r78234-final-env-texmfdist/tex/latex/graphics/trig.sty
Package: trig 2023/12/02 v1.11 sin cos tan (DPC)
) (/nix/store/6wi5laifh3jdxgbzvdcfbxwig5lrnh0x-texlive-2025-r78234-final-env-texmfdist/tex/latex/graphics-cfg/graphics.cfg
File: graphics.cfg 2016/06/04 v1.11 sample graphics configuration
)
Package graphics Info: Driver file: pdftex.def on input line 106.
 (/nix/store/6wi5laifh3jdxgbzvdcfbxwig5lrnh0x-texlive-2025-r78234-final-env-texmfdist/tex/latex/graphics-def/pdftex.def
File: pdftex.def 2025/09/29 v1.2d Graphics/color driver for pdftex
))
\Gin@req@height=\dimen157
\Gin@req@width=\dimen158
) (/nix/store/6wi5laifh3jdxgbzvdcfbxwig5lrnh0x-texlive-2025-r78234-final-env-texmfdist/tex/latex/float/float.sty
Package: float 2001/11/08 v1.3d Float enhancements (AL)
\c@float@type=\count286
\float@exts=\toks21
\float@box=\box53
\@float@everytoks=\toks22
\@floatcapt=\box54
) (/nix/store/6wi5laifh3jdxgbzvdcfbxwig5lrnh0x-texlive-2025-r78234-final-env-texmfdist/tex/latex/booktabs/booktabs.sty
Package: booktabs 2020/01/12 v1.61803398 Publication quality tables
\heavyrulewidth=\dimen159
\lightrulewidth=\dimen160
\cmidrulewidth=\dimen161
\belowrulesep=\dimen162
\belowbottomsep=\dimen163
\aboverulesep=\dimen164
\abovetopsep=\dimen165
\cmidrulesep=\dimen166
\cmidrulekern=\dimen167
\defaultaddspace=\dimen168
\@cmidla=\count287
\@cmidlb=\count288
\@aboverulesep=\dimen169
\@belowrulesep=\dimen170
\@thisruleclass=\count289
\@lastruleclass=\count290
\@thisrulewidth=\dimen171
) (/nix/store/6wi5laifh3jdxgbzvdcfbxwig5lrnh0x-texlive-2025-r78234-final-env-texmfdist/tex/latex/tools/longtable.sty
Package: longtable 2025-10-13 v4.24 Multi-page Table package (DPC)
\LTleft=\skip51
\LTright=\skip52
\LTpre=\skip53
\LTpost=\skip54
\LTchunksize=\count291
\LTcapwidth=\dimen172
\LT@head=\box55
\LT@firsthead=\box56
\LT@foot=\box57
\LT@lastfoot=\box58
\LT@gbox=\box59
\LT@cols=\count292
\LT@rows=\count293
\c@LT@tables=\count294
\c@LT@chunks=\count295
\LT@p@ftn=\toks23
) (/nix/store/6wi5laifh3jdxgbzvdcfbxwig5lrnh0x-texlive-2025-r78234-final-env-texmfdist/tex/latex/enumitem/enumitem.sty
Package: enumitem 2025/02/06 v3.11 Customized lists
\labelindent=\skip55
\enit@outerparindent=\dimen173
\enit@toks=\toks24
\enit@inbox=\box60
\enit@count@id=\count296
\enitdp@description=\count297
)
(/nix/store/6wi5laifh3jdxgbzvdcfbxwig5lrnh0x-texlive-2025-r78234-final-env-texmfdist/tex/latex/xcolor/xcolor.sty
Package: xcolor 2024/09/29 v3.02 LaTeX color extensions (UK)
 (/nix/store/6wi5laifh3jdxgbzvdcfbxwig5lrnh0x-texlive-2025-r78234-final-env-texmfdist/tex/latex/graphics-cfg/color.cfg
File: color.cfg 2016/01/02 v1.6 sample color configuration
)
Package xcolor Info: Driver file: pdftex.def on input line 274.
 (/nix/store/6wi5laifh3jdxgbzvdcfbxwig5lrnh0x-texlive-2025-r78234-final-env-texmfdist/tex/latex/graphics/mathcolor.ltx)
Package xcolor Info: Model `cmy' substituted by `cmy0' on input line 1349.
Package xcolor Info: Model `hsb' substituted by `rgb' on input line 1353.
Package xcolor Info: Model `RGB' extended on input line 1365.
Package xcolor Info: Model `HTML' substituted by `rgb' on input line 1367.
Package xcolor Info: Model `Hsb' substituted by `hsb' on input line 1368.
Package xcolor Info: Model `tHsb' substituted by `hsb' on input line 1369.
Package xcolor Info: Model `HSB' substituted by `hsb' on input line 1370.
Package xcolor Info: Model `Gray' substituted by `gray' on input line 1371.
Package xcolor Info: Model `wave' substituted by `hsb' on input line 1372.
) (/nix/store/6wi5laifh3jdxgbzvdcfbxwig5lrnh0x-texlive-2025-r78234-final-env-texmfdist/tex/latex/hyperref/hyperref.sty
Package: hyperref 2026-01-29 v7.01p Hypertext links for LaTeX
 (/nix/store/6wi5laifh3jdxgbzvdcfbxwig5lrnh0x-texlive-2025-r78234-final-env-texmfdist/tex/latex/kvsetkeys/kvsetkeys.sty
Package: kvsetkeys 2022-10-05 v1.19 Key value parser (HO)
) (/nix/store/6wi5laifh3jdxgbzvdcfbxwig5lrnh0x-texlive-2025-r78234-final-env-texmfdist/tex/generic/kvdefinekeys/kvdefinekeys.sty
Package: kvdefinekeys 2019-12-19 v1.6 Define keys (HO)
) (/nix/store/6wi5laifh3jdxgbzvdcfbxwig5lrnh0x-texlive-2025-r78234-final-env-texmfdist/tex/generic/pdfescape/pdfescape.sty
Package: pdfescape 2019/12/09 v1.15 Implements pdfTeX's escape features (HO)
 (/nix/store/6wi5laifh3jdxgbzvdcfbxwig5lrnh0x-texlive-2025-r78234-final-env-texmfdist/tex/generic/ltxcmds/ltxcmds.sty
Package: ltxcmds 2023-12-04 v1.26 LaTeX kernel commands for general use (HO)
) (/nix/store/6wi5laifh3jdxgbzvdcfbxwig5lrnh0x-texlive-2025-r78234-final-env-texmfdist/tex/generic/pdftexcmds/pdftexcmds.sty
Package: pdftexcmds 2020-06-27 v0.33 Utility functions of pdfTeX for LuaTeX (HO)
 (/nix/store/6wi5laifh3jdxgbzvdcfbxwig5lrnh0x-texlive-2025-r78234-final-env-texmfdist/tex/generic/infwarerr/infwarerr.sty
Package: infwarerr 2019/12/03 v1.5 Providing info/warning/error messages (HO)
)
Package pdftexcmds Info: \pdf@primitive is available.
Package pdftexcmds Info: \pdf@ifprimitive is available.
Package pdftexcmds Info: \pdfdraftmode found.
)) (/nix/store/6wi5laifh3jdxgbzvdcfbxwig5lrnh0x-texlive-2025-r78234-final-env-texmfdist/tex/latex/hycolor/hycolor.sty
Package: hycolor 2020-01-27 v1.10 Color options for hyperref/bookmark (HO)
) (/nix/store/6wi5laifh3jdxgbzvdcfbxwig5lrnh0x-texlive-2025-r78234-final-env-texmfdist/tex/latex/hyperref/nameref.sty
Package: nameref 2026-01-29 v2.58 Cross-referencing by name of section
 (/nix/store/6wi5laifh3jdxgbzvdcfbxwig5lrnh0x-texlive-2025-r78234-final-env-texmfdist/tex/latex/refcount/refcount.sty
Package: refcount 2019/12/15 v3.6 Data extraction from label references (HO)
) (/nix/store/6wi5laifh3jdxgbzvdcfbxwig5lrnh0x-texlive-2025-r78234-final-env-texmfdist/tex/generic/gettitlestring/gettitlestring.sty
Package: gettitlestring 2019/12/15 v1.6 Cleanup title references (HO)
 (/nix/store/6wi5laifh3jdxgbzvdcfbxwig5lrnh0x-texlive-2025-r78234-final-env-texmfdist/tex/latex/kvoptions/kvoptions.sty
Package: kvoptions 2022-06-15 v3.15 Key value format for package options (HO)
))
\c@section@level=\count298
) (/nix/store/6wi5laifh3jdxgbzvdcfbxwig5lrnh0x-texlive-2025-r78234-final-env-texmfdist/tex/latex/etoolbox/etoolbox.sty
Package: etoolbox 2025/10/02 v2.5m e-TeX tools for LaTeX (JAW)
\etb@tempcnta=\count299
)
(/nix/store/6wi5laifh3jdxgbzvdcfbxwig5lrnh0x-texlive-2025-r78234-final-env-texmfdist/tex/generic/stringenc/stringenc.sty
Package: stringenc 2019/11/29 v1.12 Convert strings between diff. encodings (HO)
)
\@linkdim=\dimen174
\Hy@linkcounter=\count300
\Hy@pagecounter=\count301
 (/nix/store/6wi5laifh3jdxgbzvdcfbxwig5lrnh0x-texlive-2025-r78234-final-env-texmfdist/tex/latex/hyperref/pd1enc.def
File: pd1enc.def 2026-01-29 v7.01p Hyperref: PDFDocEncoding definition (HO)
Now handling font encoding PD1 ...
... no UTF-8 mapping file for font encoding PD1
) (/nix/store/6wi5laifh3jdxgbzvdcfbxwig5lrnh0x-texlive-2025-r78234-final-env-texmfdist/tex/generic/intcalc/intcalc.sty
Package: intcalc 2019/12/15 v1.3 Expandable calculations with integers (HO)
)
\Hy@SavedSpaceFactor=\count302
 (/nix/store/6wi5laifh3jdxgbzvdcfbxwig5lrnh0x-texlive-2025-r78234-final-env-texmfdist/tex/latex/hyperref/puenc.def
File: puenc.def 2026-01-29 v7.01p Hyperref: PDF Unicode definition (HO)
Now handling font encoding PU ...
... no UTF-8 mapping file for font encoding PU
)
Package hyperref Info: Hyper figures OFF on input line 4201.
Package hyperref Info: Link nesting OFF on input line 4206.
Package hyperref Info: Hyper index ON on input line 4209.
Package hyperref Info: Plain pages OFF on input line 4216.
Package hyperref Info: Backreferencing OFF on input line 4221.
Package hyperref Info: Implicit mode ON; LaTeX internals redefined.
Package hyperref Info: Bookmarks ON on input line 4468.
\c@Hy@tempcnt=\count303
 (/nix/store/6wi5laifh3jdxgbzvdcfbxwig5lrnh0x-texlive-2025-r78234-final-env-texmfdist/tex/latex/url/url.sty
\Urlmuskip=\muskip17
Package: url 2013/09/16  ver 3.4  Verb mode for urls, etc.
)
LaTeX Info: Redefining \url on input line 4807.
\XeTeXLinkMargin=\dimen175
 (/nix/store/6wi5laifh3jdxgbzvdcfbxwig5lrnh0x-texlive-2025-r78234-final-env-texmfdist/tex/generic/bitset/bitset.sty
Package: bitset 2019/12/09 v1.3 Handle bit-vector datatype (HO)
 (/nix/store/6wi5laifh3jdxgbzvdcfbxwig5lrnh0x-texlive-2025-r78234-final-env-texmfdist/tex/generic/bigintcalc/bigintcalc.sty
Package: bigintcalc 2019/12/15 v1.5 Expandable calculations on big integers (HO)
))
\Fld@menulength=\count304
\Field@Width=\dimen176
\Fld@charsize=\dimen177
Package hyperref Info: Hyper figures OFF on input line 6084.
Package hyperref Info: Link nesting OFF on input line 6089.
Package hyperref Info: Hyper index ON on input line 6092.
Package hyperref Info: backreferencing OFF on input line 6099.
Package hyperref Info: Link coloring OFF on input line 6104.
Package hyperref Info: Link coloring with OCG OFF on input line 6109.
Package hyperref Info: PDF/A mode OFF on input line 6114.
\Hy@abspage=\count305
\c@Item=\count306
\c@Hfootnote=\count307
)
Package hyperref Info: Driver (autodetected): hpdftex.
 (/nix/store/6wi5laifh3jdxgbzvdcfbxwig5lrnh0x-texlive-2025-r78234-final-env-texmfdist/tex/latex/hyperref/hpdftex.def
File: hpdftex.def 2026-01-29 v7.01p Hyperref driver for pdfTeX
\Fld@listcount=\count308
\c@bookmark@seq@number=\count309
 (/nix/store/6wi5laifh3jdxgbzvdcfbxwig5lrnh0x-texlive-2025-r78234-final-env-texmfdist/tex/latex/rerunfilecheck/rerunfilecheck.sty
Package: rerunfilecheck 2025-06-21 v1.11 Rerun checks for auxiliary files (HO)
 (/nix/store/6wi5laifh3jdxgbzvdcfbxwig5lrnh0x-texlive-2025-r78234-final-env-texmfdist/tex/generic/uniquecounter/uniquecounter.sty
Package: uniquecounter 2019/12/15 v1.4 Provide unlimited unique counter (HO)
)
Package uniquecounter Info: New unique counter `rerunfilecheck' on input line 284.
)
\Hy@SectionHShift=\skip56
) (/nix/store/6wi5laifh3jdxgbzvdcfbxwig5lrnh0x-texlive-2025-r78234-final-env-texmfdist/tex/latex/listings/listings.sty
\lst@mode=\count310
\lst@gtempboxa=\box61
\lst@token=\toks25
\lst@length=\count311
\lst@currlwidth=\dimen178
\lst@column=\count312
\lst@pos=\count313
\lst@lostspace=\dimen179
\lst@width=\dimen180
\lst@newlines=\count314
\lst@lineno=\count315
\lst@maxwidth=\dimen181
 (/nix/store/6wi5laifh3jdxgbzvdcfbxwig5lrnh0x-texlive-2025-r78234-final-env-texmfdist/tex/latex/listings/lstpatch.sty
File: lstpatch.sty 2025/11/14 1.11b (Carsten Heinz)
) (/nix/store/6wi5laifh3jdxgbzvdcfbxwig5lrnh0x-texlive-2025-r78234-final-env-texmfdist/tex/latex/listings/lstmisc.sty
File: lstmisc.sty 2025/11/14 1.11b (Carsten Heinz)
\c@lstnumber=\count316
\lst@skipnumbers=\count317
\lst@framebox=\box62
) (/nix/store/6wi5laifh3jdxgbzvdcfbxwig5lrnh0x-texlive-2025-r78234-final-env-texmfdist/tex/latex/listings/listings.cfg
File: listings.cfg 2025/11/14 1.11b listings configuration
))
Package: listings 2025/11/14 1.11b (Carsten Heinz)

==> First Aid for listings.sty no longer applied!
    Expected:
        2024/09/23 1.10c (Carsten Heinz)
    but found:
        2025/11/14 1.11b (Carsten Heinz)
    so I'm assuming it got fixed.
Package hyperref Info: Option `colorlinks' set `true' on input line 30.
LaTeX Font Info:    Trying to load font information for T1+lmr on input line 46.
(/nix/store/6wi5laifh3jdxgbzvdcfbxwig5lrnh0x-texlive-2025-r78234-final-env-texmfdist/tex/latex/lm/t1lmr.fd
File: t1lmr.fd 2015/05/01 v1.6.1 Font defs for Latin Modern
) (/nix/store/6wi5laifh3jdxgbzvdcfbxwig5lrnh0x-texlive-2025-r78234-final-env-texmfdist/tex/latex/l3backend/l3backend-pdftex.def
File: l3backend-pdftex.def 2025-10-09 L3 backend support: PDF output (pdfTeX)
\l__color_backend_stack_int=\count318
) (./arquitectura.aux)
\openout1 = `arquitectura.aux'.

LaTeX Font Info:    Checking defaults for OML/cmm/m/it on input line 46.
LaTeX Font Info:    ... okay on input line 46.
LaTeX Font Info:    Checking defaults for OMS/cmsy/m/n on input line 46.
LaTeX Font Info:    ... okay on input line 46.
LaTeX Font Info:    Checking defaults for OT1/cmr/m/n on input line 46.
LaTeX Font Info:    ... okay on input line 46.
LaTeX Font Info:    Checking defaults for T1/cmr/m/n on input line 46.
LaTeX Font Info:    ... okay on input line 46.
LaTeX Font Info:    Checking defaults for TS1/cmr/m/n on input line 46.
LaTeX Font Info:    ... okay on input line 46.
LaTeX Font Info:    Checking defaults for OMX/cmex/m/n on input line 46.
LaTeX Font Info:    ... okay on input line 46.
LaTeX Font Info:    Checking defaults for U/cmr/m/n on input line 46.
LaTeX Font Info:    ... okay on input line 46.
LaTeX Font Info:    Checking defaults for PD1/pdf/m/n on input line 46.
LaTeX Font Info:    ... okay on input line 46.
LaTeX Font Info:    Checking defaults for PU/pdf/m/n on input line 46.
LaTeX Font Info:    ... okay on input line 46.

*geometry* driver: auto-detecting
*geometry* detected driver: pdftex
*geometry* verbose mode - [ preamble ] result:
* driver: pdftex
* paper: a4paper
* layout: <same size as paper>
* layoutoffset:(h,v)=(0.0pt,0.0pt)
* modes: 
* h-part:(L,W,R)=(71.13188pt, 455.24411pt, 71.13188pt)
* v-part:(T,H,B)=(71.13188pt, 702.78308pt, 71.13188pt)
* \paperwidth=597.50787pt
* \paperheight=845.04684pt
* \textwidth=455.24411pt
* \textheight=702.78308pt
* \oddsidemargin=-1.1381pt
* \evensidemargin=-1.1381pt
* \topmargin=-38.1381pt
* \headheight=12.0pt
* \headsep=25.0pt
* \topskip=12.0pt
* \footskip=30.0pt
* \marginparwidth=35.0pt
* \marginparsep=10.0pt
* \columnsep=10.0pt
* \skip\footins=10.8pt plus 4.0pt minus 2.0pt
* \hoffset=0.0pt
* \voffset=0.0pt
* \mag=1000
* \@twocolumnfalse
* \@twosidefalse
* \@mparswitchfalse
* \@reversemarginfalse
* (1in=72.27pt=25.4mm, 1cm=28.453pt)

(/nix/store/6wi5laifh3jdxgbzvdcfbxwig5lrnh0x-texlive-2025-r78234-final-env-texmfdist/tex/context/base/mkii/supp-pdf.mkii
[Loading MPS to PDF converter (version 2006.09.02).]
\scratchcounter=\count319
\scratchdimen=\dimen182
\scratchbox=\box63
\nofMPsegments=\count320
\nofMParguments=\count321
\everyMPshowfont=\toks26
\MPscratchCnt=\count322
\MPscratchDim=\dimen183
\MPnumerator=\count323
\makeMPintoPDFobject=\count324
\everyMPtoPDFconversion=\toks27
) (/nix/store/6wi5laifh3jdxgbzvdcfbxwig5lrnh0x-texlive-2025-r78234-final-env-texmfdist/tex/latex/epstopdf-pkg/epstopdf-base.sty
Package: epstopdf-base 2020-01-24 v2.11 Base part for package epstopdf
Package epstopdf-base Info: Redefining graphics rule for `.eps' on input line 485.
 (/nix/store/6wi5laifh3jdxgbzvdcfbxwig5lrnh0x-texlive-2025-r78234-final-env-texmfdist/tex/latex/latexconfig/epstopdf-sys.cfg
File: epstopdf-sys.cfg 2010/07/13 v1.3 Configuration of (r)epstopdf for TeX Live
))
Package hyperref Info: Link coloring ON on input line 46.
 (./arquitectura.out) (./arquitectura.out)
\@outlinefile=\write3
\openout3 = `arquitectura.out'.

\c@lstlisting=\count325
LaTeX Font Info:    Trying to load font information for OT1+lmr on input line 49.
 (/nix/store/6wi5laifh3jdxgbzvdcfbxwig5lrnh0x-texlive-2025-r78234-final-env-texmfdist/tex/latex/lm/ot1lmr.fd
File: ot1lmr.fd 2015/05/01 v1.6.1 Font defs for Latin Modern
)
LaTeX Font Info:    Trying to load font information for OML+lmm on input line 49.
 (/nix/store/6wi5laifh3jdxgbzvdcfbxwig5lrnh0x-texlive-2025-r78234-final-env-texmfdist/tex/latex/lm/omllmm.fd
File: omllmm.fd 2015/05/01 v1.6.1 Font defs for Latin Modern
)
LaTeX Font Info:    Trying to load font information for OMS+lmsy on input line 49.
 (/nix/store/6wi5laifh3jdxgbzvdcfbxwig5lrnh0x-texlive-2025-r78234-final-env-texmfdist/tex/latex/lm/omslmsy.fd
File: omslmsy.fd 2015/05/01 v1.6.1 Font defs for Latin Modern
)
LaTeX Font Info:    Trying to load font information for OMX+lmex on input line 49.
 (/nix/store/6wi5laifh3jdxgbzvdcfbxwig5lrnh0x-texlive-2025-r78234-final-env-texmfdist/tex/latex/lm/omxlmex.fd
File: omxlmex.fd 2015/05/01 v1.6.1 Font defs for Latin Modern
)
LaTeX Font Info:    External font `lmex10' loaded for size
(Font)              <14.4> on input line 49.
LaTeX Font Info:    External font `lmex10' loaded for size
(Font)              <10> on input line 49.
LaTeX Font Info:    External font `lmex10' loaded for size
(Font)              <7> on input line 49.
LaTeX Font Info:    Trying to load font information for TS1+lmr on input line 74.
 (/nix/store/6wi5laifh3jdxgbzvdcfbxwig5lrnh0x-texlive-2025-r78234-final-env-texmfdist/tex/latex/lm/ts1lmr.fd
File: ts1lmr.fd 2015/05/01 v1.6.1 Font defs for Latin Modern
) [1

{/nix/store/ilbrdha2fsh1a8ppyqk5nji3pqvcgy4d-texlive-2025-r78234-final-env/share/texmf-var/fonts/map/pdftex/updmap/pdftex.map}{/nix/store/6wi5laifh3jdxgbzvdcfbxwig5lrnh0x-texlive-2025-r78234-final-env-texmfdist/fonts/enc/dvips/lm/lm-ec.enc}{/nix/store/6wi5laifh3jdxgbzvdcfbxwig5lrnh0x-texlive-2025-r78234-final-env-texmfdist/fonts/enc/dvips/lm/lm-ts1.enc}] [2] (./arquitectura.aux)
 ***********
LaTeX2e <2025-11-01>
L3 programming layer <2026-01-19>
 ***********
Package rerunfilecheck Info: File `arquitectura.out' has not changed.
(rerunfilecheck)             Checksum: 6CA037E905422CA3FF85386DE6D44117;1946.
 ) 
Here is how much of TeX's memory you used:
 11676 strings out of 467535
 187342 string characters out of 5388798
 607199 words of memory out of 5000000
 40430 multiletter control sequences out of 15000+600000
 661218 words of font info for 60 fonts, out of 8000000 for 9000
 1141 hyphenation exceptions out of 8191
 75i,6n,79p,296b,444s stack positions out of 10000i,1000n,20000p,200000b,200000s
</nix/store/6wi5laifh3jdxgbzvdcfbxwig5lrnh0x-texlive-2025-r78234-final-env-texmfdist/fonts/type1/public/lm/lmbx12.pfb></nix/store/6wi5laifh3jdxgbzvdcfbxwig5lrnh0x-texlive-2025-r78234-final-env-texmfdist/fonts/type1/public/lm/lmr12.pfb>
Output written on arquitectura.pdf (2 pages, 62211 bytes).
PDF statistics:
 80 PDF objects out of 1000 (max. 8388607)
 70 compressed objects within 1 object stream
 14 named destinations out of 1000 (max. 500000)
 89 words of extra memory for PDF output out of 10000 (max. 10000000)

